// Jest Snapshot v1, https://goo.gl/fbAQLP

exports[`Home.vue renders as expected 1`] = `
<section class="container repo-list">
  <div class="v-timeline theme--light">
    <div class="v-timeline-item v-timeline-item--before theme--light">
      <div class="v-timeline-item__body">
        <div class="v-card v-sheet theme--light">
          <div class="v-card__title">type-graphql</div>
          <div class="v-card__text">
            <p>
              Create GraphQL schema and resolvers with TypeScript, using classes and decorators!
            </p> <span class="mr-2 v-chip v-chip--no-color theme--light v-size--default"><span class="v-chip__content"><i aria-hidden="true" class="v-icon material-icons theme--light" style="font-size: 16px;">star</i>
            0
          </span></span> <span class="v-chip v-chip--no-color theme--light v-size--default"><span class="v-chip__content"><i aria-hidden="true" class="v-icon material-icons theme--light" style="font-size: 16px;">call_split</i>
            Forked
          </span></span>
          </div>
        </div>
      </div>
      <div class="v-timeline-item__divider">
        <div class="v-timeline-item__dot v-timeline-item__dot--small">
          <div class="v-timeline-item__inner-dot primary"></div>
        </div>
      </div>
      <div class="v-timeline-item__opposite">2019-06-10T08:44:44Z</div>
    </div>
    <div class="v-timeline-item v-timeline-item--before theme--light">
      <div class="v-timeline-item__body">
        <div class="v-card v-sheet theme--light">
          <div class="v-card__title">github-timeline</div>
          <div class="v-card__text">
            <p>

            </p> <span class="mr-2 v-chip v-chip--no-color theme--light v-size--default"><span class="v-chip__content"><i aria-hidden="true" class="v-icon material-icons theme--light" style="font-size: 16px;">star</i>
            0
          </span></span>
            <!---->
          </div>
        </div>
      </div>
      <div class="v-timeline-item__divider">
        <div class="v-timeline-item__dot v-timeline-item__dot--small">
          <div class="v-timeline-item__inner-dot primary"></div>
        </div>
      </div>
      <div class="v-timeline-item__opposite">2019-06-09T07:19:12Z</div>
    </div>
    <div class="v-timeline-item v-timeline-item--before theme--light">
      <div class="v-timeline-item__body">
        <div class="v-card v-sheet theme--light">
          <div class="v-card__title">vue-boilerplate</div>
          <div class="v-card__text">
            <p>
              A boilerplate for Vue.js using typescript, jest, router, Vuex...
            </p> <span class="mr-2 v-chip v-chip--no-color theme--light v-size--default"><span class="v-chip__content"><i aria-hidden="true" class="v-icon material-icons theme--light" style="font-size: 16px;">star</i>
            0
          </span></span>
            <!---->
          </div>
        </div>
      </div>
      <div class="v-timeline-item__divider">
        <div class="v-timeline-item__dot v-timeline-item__dot--small">
          <div class="v-timeline-item__inner-dot primary"></div>
        </div>
      </div>
      <div class="v-timeline-item__opposite">2019-06-07T07:53:37Z</div>
    </div>
    <div class="v-timeline-item v-timeline-item--before theme--light">
      <div class="v-timeline-item__body">
        <div class="v-card v-sheet theme--light">
          <div class="v-card__title">vue-authenticate</div>
          <div class="v-card__text">
            <p>
              Simple Vue.js authentication library
            </p> <span class="mr-2 v-chip v-chip--no-color theme--light v-size--default"><span class="v-chip__content"><i aria-hidden="true" class="v-icon material-icons theme--light" style="font-size: 16px;">star</i>
            0
          </span></span> <span class="v-chip v-chip--no-color theme--light v-size--default"><span class="v-chip__content"><i aria-hidden="true" class="v-icon material-icons theme--light" style="font-size: 16px;">call_split</i>
            Forked
          </span></span>
          </div>
        </div>
      </div>
      <div class="v-timeline-item__divider">
        <div class="v-timeline-item__dot v-timeline-item__dot--small">
          <div class="v-timeline-item__inner-dot primary"></div>
        </div>
      </div>
      <div class="v-timeline-item__opposite">2019-04-25T11:06:37Z</div>
    </div>
    <div class="v-timeline-item v-timeline-item--before theme--light">
      <div class="v-timeline-item__body">
        <div class="v-card v-sheet theme--light">
          <div class="v-card__title">jest</div>
          <div class="v-card__text">
            <p>
              Delightful JavaScript Testing.
            </p> <span class="mr-2 v-chip v-chip--no-color theme--light v-size--default"><span class="v-chip__content"><i aria-hidden="true" class="v-icon material-icons theme--light" style="font-size: 16px;">star</i>
            0
          </span></span> <span class="v-chip v-chip--no-color theme--light v-size--default"><span class="v-chip__content"><i aria-hidden="true" class="v-icon material-icons theme--light" style="font-size: 16px;">call_split</i>
            Forked
          </span></span>
          </div>
        </div>
      </div>
      <div class="v-timeline-item__divider">
        <div class="v-timeline-item__dot v-timeline-item__dot--small">
          <div class="v-timeline-item__inner-dot primary"></div>
        </div>
      </div>
      <div class="v-timeline-item__opposite">2019-04-18T12:42:29Z</div>
    </div>
    <div class="v-timeline-item v-timeline-item--before theme--light">
      <div class="v-timeline-item__body">
        <div class="v-card v-sheet theme--light">
          <div class="v-card__title">reststate-client</div>
          <div class="v-card__text">
            <p>

            </p> <span class="mr-2 v-chip v-chip--no-color theme--light v-size--default"><span class="v-chip__content"><i aria-hidden="true" class="v-icon material-icons theme--light" style="font-size: 16px;">star</i>
            0
          </span></span> <span class="v-chip v-chip--no-color theme--light v-size--default"><span class="v-chip__content"><i aria-hidden="true" class="v-icon material-icons theme--light" style="font-size: 16px;">call_split</i>
            Forked
          </span></span>
          </div>
        </div>
      </div>
      <div class="v-timeline-item__divider">
        <div class="v-timeline-item__dot v-timeline-item__dot--small">
          <div class="v-timeline-item__inner-dot primary"></div>
        </div>
      </div>
      <div class="v-timeline-item__opposite">2019-04-02T05:16:18Z</div>
    </div>
    <div class="v-timeline-item v-timeline-item--before theme--light">
      <div class="v-timeline-item__body">
        <div class="v-card v-sheet theme--light">
          <div class="v-card__title">mobx-state-tree</div>
          <div class="v-card__text">
            <p>
              Model Driven State Management
            </p> <span class="mr-2 v-chip v-chip--no-color theme--light v-size--default"><span class="v-chip__content"><i aria-hidden="true" class="v-icon material-icons theme--light" style="font-size: 16px;">star</i>
            0
          </span></span> <span class="v-chip v-chip--no-color theme--light v-size--default"><span class="v-chip__content"><i aria-hidden="true" class="v-icon material-icons theme--light" style="font-size: 16px;">call_split</i>
            Forked
          </span></span>
          </div>
        </div>
      </div>
      <div class="v-timeline-item__divider">
        <div class="v-timeline-item__dot v-timeline-item__dot--small">
          <div class="v-timeline-item__inner-dot primary"></div>
        </div>
      </div>
      <div class="v-timeline-item__opposite">2019-02-11T09:05:16Z</div>
    </div>
    <div class="v-timeline-item v-timeline-item--before theme--light">
      <div class="v-timeline-item__body">
        <div class="v-card v-sheet theme--light">
          <div class="v-card__title">autotrack</div>
          <div class="v-card__text">
            <p>
              Automatic and enhanced Google Analytics tracking for common user interactions on the web.
            </p> <span class="mr-2 v-chip v-chip--no-color theme--light v-size--default"><span class="v-chip__content"><i aria-hidden="true" class="v-icon material-icons theme--light" style="font-size: 16px;">star</i>
            0
          </span></span> <span class="v-chip v-chip--no-color theme--light v-size--default"><span class="v-chip__content"><i aria-hidden="true" class="v-icon material-icons theme--light" style="font-size: 16px;">call_split</i>
            Forked
          </span></span>
          </div>
        </div>
      </div>
      <div class="v-timeline-item__divider">
        <div class="v-timeline-item__dot v-timeline-item__dot--small">
          <div class="v-timeline-item__inner-dot primary"></div>
        </div>
      </div>
      <div class="v-timeline-item__opposite">2019-01-18T01:49:29Z</div>
    </div>
    <div class="v-timeline-item v-timeline-item--before theme--light">
      <div class="v-timeline-item__body">
        <div class="v-card v-sheet theme--light">
          <div class="v-card__title">pyconkr-web</div>
          <div class="v-card__text">
            <p>
              üë©‚Äçüíª üë®‚Äçüíª This is a repository for developing pyconkr frontend.
            </p> <span class="mr-2 v-chip v-chip--no-color theme--light v-size--default"><span class="v-chip__content"><i aria-hidden="true" class="v-icon material-icons theme--light" style="font-size: 16px;">star</i>
            18
          </span></span>
            <!---->
          </div>
        </div>
      </div>
      <div class="v-timeline-item__divider">
        <div class="v-timeline-item__dot v-timeline-item__dot--small">
          <div class="v-timeline-item__inner-dot primary"></div>
        </div>
      </div>
      <div class="v-timeline-item__opposite">2018-12-09T05:00:34Z</div>
    </div>
    <div class="v-timeline-item v-timeline-item--before theme--light">
      <div class="v-timeline-item__body">
        <div class="v-card v-sheet theme--light">
          <div class="v-card__title">vscode-dash</div>
          <div class="v-card__text">
            <p>
              Dash and Zeal documentation integration in Visual Studio Code
            </p> <span class="mr-2 v-chip v-chip--no-color theme--light v-size--default"><span class="v-chip__content"><i aria-hidden="true" class="v-icon material-icons theme--light" style="font-size: 16px;">star</i>
            0
          </span></span> <span class="v-chip v-chip--no-color theme--light v-size--default"><span class="v-chip__content"><i aria-hidden="true" class="v-icon material-icons theme--light" style="font-size: 16px;">call_split</i>
            Forked
          </span></span>
          </div>
        </div>
      </div>
      <div class="v-timeline-item__divider">
        <div class="v-timeline-item__dot v-timeline-item__dot--small">
          <div class="v-timeline-item__inner-dot primary"></div>
        </div>
      </div>
      <div class="v-timeline-item__opposite">2018-10-07T07:46:13Z</div>
    </div>
  </div>
</section>
`;
